#-----------------------------------------------------------
# Vivado v2020.1 (64-bit)
# SW Build 2902540 on Wed May 27 19:54:49 MDT 2020
# IP Build 2902112 on Wed May 27 22:43:36 MDT 2020
# Start of session at: Wed Jul 16 21:23:41 2025
# Process ID: 80864
# Current directory: C:/Users/umang/Resume/Verilog-Projects/I2C_TMP_final
# Command line: vivado.exe -gui_launcher_event rodinguilauncherevent68352 C:\Users\umang\Resume\Verilog-Projects\I2C_TMP_final\I2C_TMP_final.xpr
# Log file: C:/Users/umang/Resume/Verilog-Projects/I2C_TMP_final/vivado.log
# Journal file: C:/Users/umang/Resume/Verilog-Projects/I2C_TMP_final\vivado.jou
#-----------------------------------------------------------
start_gui
open_project C:/Users/umang/Resume/Verilog-Projects/I2C_TMP_final/I2C_TMP_final.xpr
INFO: [Project 1-313] Project file moved from 'C:/Xilinx_Vitis/Projects/Zybo_Verilog/I2C_TMP_final' since last save.
Scanning sources...
Finished scanning sources
INFO: [filemgmt 56-1] Board Part Repository Path: Directory not found as 'C:/Users/Users/umang/AppData/Roaming/Xilinx/Vivado/2020.1/xhub/board_store/xilinx_board_store'; using path 'C:/Users/umang/AppData/Roaming/Xilinx/Vivado/2020.1/xhub/board_store/xilinx_board_store' instead.
INFO: [IP_Flow 19-234] Refreshing IP repositories
INFO: [IP_Flow 19-1704] No user IP repositories specified
INFO: [IP_Flow 19-2313] Loaded Vivado IP repository 'C:/Xilinx_Vitis/Vivado/2020.1/data/ip'.
open_project: Time (s): cpu = 00:00:54 ; elapsed = 00:00:31 . Memory (MB): peak = 1047.297 ; gain = 0.000
update_compile_order -fileset sources_1
exit
INFO: [Common 17-206] Exiting Vivado at Wed Jul 16 21:35:57 2025...
