#-----------------------------------------------------------
# Vivado v2020.1 (64-bit)
# SW Build 2902540 on Wed May 27 19:54:49 MDT 2020
# IP Build 2902112 on Wed May 27 22:43:36 MDT 2020
# Start of session at: Fri Jun 20 01:46:37 2025
# Process ID: 18228
# Current directory: C:/Xilinx_Vitis/ip_repo
# Command line: vivado.exe -gui_launcher_event rodinguilauncherevent24596 C:\Xilinx_Vitis\ip_repo\edit_adder_v1_0.xpr
# Log file: C:/Xilinx_Vitis/ip_repo/vivado.log
# Journal file: C:/Xilinx_Vitis/ip_repo\vivado.jou
#-----------------------------------------------------------
start_gui
open_project C:/Xilinx_Vitis/ip_repo/edit_adder_v1_0.xpr
WARNING: [filemgmt 56-99] Vivado Synthesis ignores library specification for Verilog or SystemVerilog files. [C:/Xilinx_Vitis/ip_repo/adder_1.0/hdl/adder_v1_0_S00_AXI.v:]
WARNING: [filemgmt 56-99] Vivado Synthesis ignores library specification for Verilog or SystemVerilog files. [C:/Xilinx_Vitis/ip_repo/adder_1.0/hdl/adder_v1_0.v:]
Scanning sources...
Finished scanning sources
WARNING: [filemgmt 56-3] Default IP Output Path : Could not find the directory 'C:/Xilinx_Vitis/ip_repo/edit_adder_v1_0.srcs/sources_1'.
INFO: [IP_Flow 19-234] Refreshing IP repositories
INFO: [IP_Flow 19-1700] Loaded user IP repository 'c:/Xilinx_Vitis/ip_repo/adder_1.0'.
INFO: [IP_Flow 19-2313] Loaded Vivado IP repository 'C:/Xilinx_Vitis/Vivado/2020.1/data/ip'.
open_project: Time (s): cpu = 00:00:15 ; elapsed = 00:00:07 . Memory (MB): peak = 1081.277 ; gain = 0.000
update_compile_order -fileset sources_1
ipx::open_ipxact_file {C:\Xilinx_Vitis\ip_repo\adder_1.0\component.xml}
WARNING: [IP_Flow 19-5226] Project source file 'c:/Xilinx_Vitis/ip_repo/adder_1.0/component.xml' ignored by IP packager.
WARNING: [IP_Flow 19-3898] File Group 'xilinx_verilogsynthesis (Verilog Synthesis)': File 'c:/Xilinx_Vitis/ip_repo/adder_1.0/hdl/adder_v1_0_S00_AXI.v' is not found in the project sources. It will be removed from the packaged IP when the sources are merged. If still required, please add this file to the project and re-package.
WARNING: [IP_Flow 19-3898] File Group 'xilinx_verilogsynthesis (Verilog Synthesis)': File 'c:/Xilinx_Vitis/ip_repo/adder_1.0/hdl/adder_v1_0.v' is not found in the project sources. It will be removed from the packaged IP when the sources are merged. If still required, please add this file to the project and re-package.
WARNING: [IP_Flow 19-3898] File Group 'xilinx_verilogbehavioralsimulation (Verilog Simulation)': File 'c:/Xilinx_Vitis/ip_repo/adder_1.0/hdl/adder_v1_0_S00_AXI.v' is not found in the project sources. It will be removed from the packaged IP when the sources are merged. If still required, please add this file to the project and re-package.
WARNING: [IP_Flow 19-3898] File Group 'xilinx_verilogbehavioralsimulation (Verilog Simulation)': File 'c:/Xilinx_Vitis/ip_repo/adder_1.0/hdl/adder_v1_0.v' is not found in the project sources. It will be removed from the packaged IP when the sources are merged. If still required, please add this file to the project and re-package.
ipx::merge_project_changes files [ipx::current_core]
WARNING: [IP_Flow 19-5226] Project source file 'c:/Xilinx_Vitis/ip_repo/adder_1.0/component.xml' ignored by IP packager.
ipx::merge_project_changes hdl_parameters [ipx::current_core]
WARNING: [IP_Flow 19-5226] Project source file 'c:/Xilinx_Vitis/ip_repo/adder_1.0/component.xml' ignored by IP packager.
INFO: [IP_Flow 19-3166] Bus Interface 'S00_AXI': References existing memory map 'S00_AXI'.
WARNING: [filemgmt 56-199] Attempt to get parsing info during refresh. "On-the-fly" syntax checking information may be incorrect. [C:\Xilinx_Vitis\ip_repo\adder_1.0\hdl\adder_v1_0.v:]
WARNING: [filemgmt 56-199] Attempt to get parsing info during refresh. "On-the-fly" syntax checking information may be incorrect. [C:\Xilinx_Vitis\ip_repo\adder_1.0\hdl\adder_v1_0_S00_AXI.v:]
ERROR: [Common 17-180] Spawn failed: No error
set_property core_revision 2 [ipx::current_core]
ipx::create_xgui_files [ipx::current_core]
ipx::update_checksums [ipx::current_core]
ipx::save_core [ipx::current_core]
update_ip_catalog -rebuild -repo_path c:/Xilinx_Vitis/ip_repo/adder_1.0
INFO: [IP_Flow 19-725] Reloaded user IP repository 'c:/Xilinx_Vitis/ip_repo/adder_1.0'
exit
INFO: [Common 17-206] Exiting Vivado at Fri Jun 20 02:11:47 2025...
